┐rustc_ast_lowering::lower_assoc_item_constraint 
├─  0ms DEBUG rustc_ast_lowering constraint=AssocItemConstraint { id: NodeId(20), ident: stream#0, gen_args: Some(ParenthesizedElided(/home/oli/rust0/tests/ui/associated-type-bounds/return-type-notation/missing-bound-var-ice.rs:9:47: 9:51 (#0))), kind: Bound { bounds: [Trait(PolyTraitRef { bound_generic_params: [], modifiers: TraitBoundModifiers { constness: Never, asyncness: Normal, polarity: Positive }, trait_ref: TraitRef { path: Path { span: /home/oli/rust0/tests/ui/associated-type-bounds/return-type-notation/missing-bound-var-ice.rs:9:53: 9:81 (#0), segments: [PathSegment { ident: IntFactory#0, id: NodeId(21), args: Some(AngleBracketed(AngleBracketedArgs { span: /home/oli/rust0/tests/ui/associated-type-bounds/return-type-notation/missing-bound-var-ice.rs:9:63: 9:81 (#0), args: [Constraint(AssocItemConstraint { id: NodeId(22), ident: stream#0, gen_args: Some(ParenthesizedElided(/home/oli/rust0/tests/ui/associated-type-bounds/return-type-notation/missing-bound-var-ice.rs:9:70: 9:74 (#0))), kind: Bound { bounds: [Trait(PolyTraitRef { bound_generic_params: [], modifiers: TraitBoundModifiers { constness: Never, asyncness: Normal, polarity: Positive }, trait_ref: TraitRef { path: Path { span: /home/oli/rust0/tests/ui/associated-type-bounds/return-type-notation/missing-bound-var-ice.rs:9:76: 9:80 (#0), segments: [PathSegment { ident: Send#0, id: NodeId(23), args: None }] }, ref_id: NodeId(24) }, span: /home/oli/rust0/tests/ui/associated-type-bounds/return-type-notation/missing-bound-var-ice.rs:9:76: 9:80 (#0), parens: No })] }, span: /home/oli/rust0/tests/ui/associated-type-bounds/return-type-notation/missing-bound-var-ice.rs:9:64: 9:80 (#0) })] })) }] }, ref_id: NodeId(25) }, span: /home/oli/rust0/tests/ui/associated-type-bounds/return-type-notation/missing-bound-var-ice.rs:9:53: 9:81 (#0), parens: No })] }, span: /home/oli/rust0/tests/ui/associated-type-bounds/return-type-notation/missing-bound-var-ice.rs:9:41: 9:81 (#0) }, itctx=OpaqueTy { origin: FnReturn { parent: DefId(0:6 ~ missing_bound_var_ice[8e97]::IntFactory::stream), in_trait_or_impl: Some(Trait) } }
└─┐rustc_ast_lowering::lower_param_bounds bounds=[Trait(PolyTraitRef { bound_generic_params: [], modifiers: TraitBoundModifiers { constness: Never, asyncness: Normal, polarity: Positive }, trait_ref: TraitRef { path: Path { span: /home/oli/rust0/tests/ui/associated-type-bounds/return-type-notation/missing-bound-var-ice.rs:9:53: 9:81 (#0), segments: [PathSegment { ident: IntFactory#0, id: NodeId(21), args: Some(AngleBracketed(AngleBracketedArgs { span: /home/oli/rust0/tests/ui/associated-type-bounds/return-type-notation/missing-bound-var-ice.rs:9:63: 9:81 (#0), args: [Constraint(AssocItemConstraint { id: NodeId(22), ident: stream#0, gen_args: Some(ParenthesizedElided(/home/oli/rust0/tests/ui/associated-type-bounds/return-type-notation/missing-bound-var-ice.rs:9:70: 9:74 (#0))), kind: Bound { bounds: [Trait(PolyTraitRef { bound_generic_params: [], modifiers: TraitBoundModifiers { constness: Never, asyncness: Normal, polarity: Positive }, trait_ref: TraitRef { path: Path { span: /home/oli/rust0/tests/ui/associated-type-bounds/return-type-notation/missing-bound-var-ice.rs:9:76: 9:80 (#0), segments: [PathSegment { ident: Send#0, id: NodeId(23), args: None }] }, ref_id: NodeId(24) }, span: /home/oli/rust0/tests/ui/associated-type-bounds/return-type-notation/missing-bound-var-ice.rs:9:76: 9:80 (#0), parens: No })] }, span: /home/oli/rust0/tests/ui/associated-type-bounds/return-type-notation/missing-bound-var-ice.rs:9:64: 9:80 (#0) })] })) }] }, ref_id: NodeId(25) }, span: /home/oli/rust0/tests/ui/associated-type-bounds/return-type-notation/missing-bound-var-ice.rs:9:53: 9:81 (#0), parens: No })], rbp=Forbidden(AssocTyBounds), itctx=OpaqueTy { origin: FnReturn { parent: DefId(0:6 ~ missing_bound_var_ice[8e97]::IntFactory::stream), in_trait_or_impl: Some(Trait) } }
  └─┐rustc_ast_lowering::lower_param_bound tpb=Trait(PolyTraitRef { bound_generic_params: [], modifiers: TraitBoundModifiers { constness: Never, asyncness: Normal, polarity: Positive }, trait_ref: TraitRef { path: Path { span: /home/oli/rust0/tests/ui/associated-type-bounds/return-type-notation/missing-bound-var-ice.rs:9:53: 9:81 (#0), segments: [PathSegment { ident: IntFactory#0, id: NodeId(21), args: Some(AngleBracketed(AngleBracketedArgs { span: /home/oli/rust0/tests/ui/associated-type-bounds/return-type-notation/missing-bound-var-ice.rs:9:63: 9:81 (#0), args: [Constraint(AssocItemConstraint { id: NodeId(22), ident: stream#0, gen_args: Some(ParenthesizedElided(/home/oli/rust0/tests/ui/associated-type-bounds/return-type-notation/missing-bound-var-ice.rs:9:70: 9:74 (#0))), kind: Bound { bounds: [Trait(PolyTraitRef { bound_generic_params: [], modifiers: TraitBoundModifiers { constness: Never, asyncness: Normal, polarity: Positive }, trait_ref: TraitRef { path: Path { span: /home/oli/rust0/tests/ui/associated-type-bounds/return-type-notation/missing-bound-var-ice.rs:9:76: 9:80 (#0), segments: [PathSegment { ident: Send#0, id: NodeId(23), args: None }] }, ref_id: NodeId(24) }, span: /home/oli/rust0/tests/ui/associated-type-bounds/return-type-notation/missing-bound-var-ice.rs:9:76: 9:80 (#0), parens: No })] }, span: /home/oli/rust0/tests/ui/associated-type-bounds/return-type-notation/missing-bound-var-ice.rs:9:64: 9:80 (#0) })] })) }] }, ref_id: NodeId(25) }, span: /home/oli/rust0/tests/ui/associated-type-bounds/return-type-notation/missing-bound-var-ice.rs:9:53: 9:81 (#0), parens: No }), rbp=Forbidden(AssocTyBounds), itctx=OpaqueTy { origin: FnReturn { parent: DefId(0:6 ~ missing_bound_var_ice[8e97]::IntFactory::stream), in_trait_or_impl: Some(Trait) } }
    └─┐rustc_ast_lowering::lower_poly_trait_ref bound_generic_params=[], modifiers=TraitBoundModifiers { constness: Never, asyncness: Normal, polarity: Positive }, trait_ref=TraitRef { path: Path { span: /home/oli/rust0/tests/ui/associated-type-bounds/return-type-notation/missing-bound-var-ice.rs:9:53: 9:81 (#0), segments: [PathSegment { ident: IntFactory#0, id: NodeId(21), args: Some(AngleBracketed(AngleBracketedArgs { span: /home/oli/rust0/tests/ui/associated-type-bounds/return-type-notation/missing-bound-var-ice.rs:9:63: 9:81 (#0), args: [Constraint(AssocItemConstraint { id: NodeId(22), ident: stream#0, gen_args: Some(ParenthesizedElided(/home/oli/rust0/tests/ui/associated-type-bounds/return-type-notation/missing-bound-var-ice.rs:9:70: 9:74 (#0))), kind: Bound { bounds: [Trait(PolyTraitRef { bound_generic_params: [], modifiers: TraitBoundModifiers { constness: Never, asyncness: Normal, polarity: Positive }, trait_ref: TraitRef { path: Path { span: /home/oli/rust0/tests/ui/associated-type-bounds/return-type-notation/missing-bound-var-ice.rs:9:76: 9:80 (#0), segments: [PathSegment { ident: Send#0, id: NodeId(23), args: None }] }, ref_id: NodeId(24) }, span: /home/oli/rust0/tests/ui/associated-type-bounds/return-type-notation/missing-bound-var-ice.rs:9:76: 9:80 (#0), parens: No })] }, span: /home/oli/rust0/tests/ui/associated-type-bounds/return-type-notation/missing-bound-var-ice.rs:9:64: 9:80 (#0) })] })) }] }, ref_id: NodeId(25) }, span=/home/oli/rust0/tests/ui/associated-type-bounds/return-type-notation/missing-bound-var-ice.rs:9:53: 9:81 (#0), rbp=Forbidden(AssocTyBounds), itctx=OpaqueTy { origin: FnReturn { parent: DefId(0:6 ~ missing_bound_var_ice[8e97]::IntFactory::stream), in_trait_or_impl: Some(Trait) } }
      └─┐rustc_ast_lowering::lower_lifetime_binder binder=NodeId(25), generic_params=[]
        ├─  0ms DEBUG rustc_ast_lowering extra_lifetimes=[]
        ├─  0ms DEBUG rustc_ast_lowering return=[]
      ┌─┘
      └─┐rustc_ast_lowering::path::lower_qpath id=NodeId(25), qself=None, p=Path { span: /home/oli/rust0/tests/ui/associated-type-bounds/return-type-notation/missing-bound-var-ice.rs:9:53: 9:81 (#0), segments: [PathSegment { ident: IntFactory#0, id: NodeId(21), args: Some(AngleBracketed(AngleBracketedArgs { span: /home/oli/rust0/tests/ui/associated-type-bounds/return-type-notation/missing-bound-var-ice.rs:9:63: 9:81 (#0), args: [Constraint(AssocItemConstraint { id: NodeId(22), ident: stream#0, gen_args: Some(ParenthesizedElided(/home/oli/rust0/tests/ui/associated-type-bounds/return-type-notation/missing-bound-var-ice.rs:9:70: 9:74 (#0))), kind: Bound { bounds: [Trait(PolyTraitRef { bound_generic_params: [], modifiers: TraitBoundModifiers { constness: Never, asyncness: Normal, polarity: Positive }, trait_ref: TraitRef { path: Path { span: /home/oli/rust0/tests/ui/associated-type-bounds/return-type-notation/missing-bound-var-ice.rs:9:76: 9:80 (#0), segments: [PathSegment { ident: Send#0, id: NodeId(23), args: None }] }, ref_id: NodeId(24) }, span: /home/oli/rust0/tests/ui/associated-type-bounds/return-type-notation/missing-bound-var-ice.rs:9:76: 9:80 (#0), parens: No })] }, span: /home/oli/rust0/tests/ui/associated-type-bounds/return-type-notation/missing-bound-var-ice.rs:9:64: 9:80 (#0) })] })) }] }, param_mode=Explicit, allow_return_type_notation=No, itctx=OpaqueTy { origin: FnReturn { parent: DefId(0:6 ~ missing_bound_var_ice[8e97]::IntFactory::stream), in_trait_or_impl: Some(Trait) } }, modifiers=Some(TraitBoundModifiers { constness: Never, asyncness: Normal, polarity: Positive })
        └─┐rustc_ast_lowering::lower_res res=Def(Trait, DefId(0:5 ~ missing_bound_var_ice[8e97]::IntFactory))
          ├─  0ms TRACE rustc_ast_lowering res=Ok(Def(Trait, DefId(0:5 ~ missing_bound_var_ice[8e97]::IntFactory)))
        ┌─┘
        ├─  0ms DEBUG rustc_ast_lowering::path path_span: /home/oli/rust0/tests/ui/associated-type-bounds/return-type-notation/missing-bound-var-ice.rs:9:53: 9:81 (#0), lower_path_segment(segment: PathSegment { ident: IntFactory#0, id: NodeId(21), args: Some(AngleBracketed(AngleBracketedArgs { span: /home/oli/rust0/tests/ui/associated-type-bounds/return-type-notation/missing-bound-var-ice.rs:9:63: 9:81 (#0), args: [Constraint(AssocItemConstraint { id: NodeId(22), ident: stream#0, gen_args: Some(ParenthesizedElided(/home/oli/rust0/tests/ui/associated-type-bounds/return-type-notation/missing-bound-var-ice.rs:9:70: 9:74 (#0))), kind: Bound { bounds: [Trait(PolyTraitRef { bound_generic_params: [], modifiers: TraitBoundModifiers { constness: Never, asyncness: Normal, polarity: Positive }, trait_ref: TraitRef { path: Path { span: /home/oli/rust0/tests/ui/associated-type-bounds/return-type-notation/missing-bound-var-ice.rs:9:76: 9:80 (#0), segments: [PathSegment { ident: Send#0, id: NodeId(23), args: None }] }, ref_id: NodeId(24) }, span: /home/oli/rust0/tests/ui/associated-type-bounds/return-type-notation/missing-bound-var-ice.rs:9:76: 9:80 (#0), parens: No })] }, span: /home/oli/rust0/tests/ui/associated-type-bounds/return-type-notation/missing-bound-var-ice.rs:9:64: 9:80 (#0) })] })) })
        └─┐rustc_ast_lowering::lower_assoc_item_constraint 
          ├─  0ms DEBUG rustc_ast_lowering constraint=AssocItemConstraint { id: NodeId(22), ident: stream#0, gen_args: Some(ParenthesizedElided(/home/oli/rust0/tests/ui/associated-type-bounds/return-type-notation/missing-bound-var-ice.rs:9:70: 9:74 (#0))), kind: Bound { bounds: [Trait(PolyTraitRef { bound_generic_params: [], modifiers: TraitBoundModifiers { constness: Never, asyncness: Normal, polarity: Positive }, trait_ref: TraitRef { path: Path { span: /home/oli/rust0/tests/ui/associated-type-bounds/return-type-notation/missing-bound-var-ice.rs:9:76: 9:80 (#0), segments: [PathSegment { ident: Send#0, id: NodeId(23), args: None }] }, ref_id: NodeId(24) }, span: /home/oli/rust0/tests/ui/associated-type-bounds/return-type-notation/missing-bound-var-ice.rs:9:76: 9:80 (#0), parens: No })] }, span: /home/oli/rust0/tests/ui/associated-type-bounds/return-type-notation/missing-bound-var-ice.rs:9:64: 9:80 (#0) }, itctx=OpaqueTy { origin: FnReturn { parent: DefId(0:6 ~ missing_bound_var_ice[8e97]::IntFactory::stream), in_trait_or_impl: Some(Trait) } }
          └─┐rustc_ast_lowering::lower_param_bounds bounds=[Trait(PolyTraitRef { bound_generic_params: [], modifiers: TraitBoundModifiers { constness: Never, asyncness: Normal, polarity: Positive }, trait_ref: TraitRef { path: Path { span: /home/oli/rust0/tests/ui/associated-type-bounds/return-type-notation/missing-bound-var-ice.rs:9:76: 9:80 (#0), segments: [PathSegment { ident: Send#0, id: NodeId(23), args: None }] }, ref_id: NodeId(24) }, span: /home/oli/rust0/tests/ui/associated-type-bounds/return-type-notation/missing-bound-var-ice.rs:9:76: 9:80 (#0), parens: No })], rbp=Forbidden(AssocTyBounds), itctx=OpaqueTy { origin: FnReturn { parent: DefId(0:6 ~ missing_bound_var_ice[8e97]::IntFactory::stream), in_trait_or_impl: Some(Trait) } }
            └─┐rustc_ast_lowering::lower_param_bound tpb=Trait(PolyTraitRef { bound_generic_params: [], modifiers: TraitBoundModifiers { constness: Never, asyncness: Normal, polarity: Positive }, trait_ref: TraitRef { path: Path { span: /home/oli/rust0/tests/ui/associated-type-bounds/return-type-notation/missing-bound-var-ice.rs:9:76: 9:80 (#0), segments: [PathSegment { ident: Send#0, id: NodeId(23), args: None }] }, ref_id: NodeId(24) }, span: /home/oli/rust0/tests/ui/associated-type-bounds/return-type-notation/missing-bound-var-ice.rs:9:76: 9:80 (#0), parens: No }), rbp=Forbidden(AssocTyBounds), itctx=OpaqueTy { origin: FnReturn { parent: DefId(0:6 ~ missing_bound_var_ice[8e97]::IntFactory::stream), in_trait_or_impl: Some(Trait) } }
              └─┐rustc_ast_lowering::lower_poly_trait_ref bound_generic_params=[], modifiers=TraitBoundModifiers { constness: Never, asyncness: Normal, polarity: Positive }, trait_ref=TraitRef { path: Path { span: /home/oli/rust0/tests/ui/associated-type-bounds/return-type-notation/missing-bound-var-ice.rs:9:76: 9:80 (#0), segments: [PathSegment { ident: Send#0, id: NodeId(23), args: None }] }, ref_id: NodeId(24) }, span=/home/oli/rust0/tests/ui/associated-type-bounds/return-type-notation/missing-bound-var-ice.rs:9:76: 9:80 (#0), rbp=Forbidden(AssocTyBounds), itctx=OpaqueTy { origin: FnReturn { parent: DefId(0:6 ~ missing_bound_var_ice[8e97]::IntFactory::stream), in_trait_or_impl: Some(Trait) } }
                └─┐rustc_ast_lowering::lower_lifetime_binder binder=NodeId(24), generic_params=[]
                  ├─  0ms DEBUG rustc_ast_lowering extra_lifetimes=[]
                  ├─  0ms DEBUG rustc_ast_lowering return=[]
                ┌─┘
                └─┐rustc_ast_lowering::path::lower_qpath id=NodeId(24), qself=None, p=Path { span: /home/oli/rust0/tests/ui/associated-type-bounds/return-type-notation/missing-bound-var-ice.rs:9:76: 9:80 (#0), segments: [PathSegment { ident: Send#0, id: NodeId(23), args: None }] }, param_mode=Explicit, allow_return_type_notation=No, itctx=OpaqueTy { origin: FnReturn { parent: DefId(0:6 ~ missing_bound_var_ice[8e97]::IntFactory::stream), in_trait_or_impl: Some(Trait) } }, modifiers=Some(TraitBoundModifiers { constness: Never, asyncness: Normal, polarity: Positive })
                  └─┐rustc_ast_lowering::lower_res res=Def(Trait, DefId(2:42355 ~ core[2424]::marker::Send))
                    ├─  0ms TRACE rustc_ast_lowering res=Ok(Def(Trait, DefId(2:42355 ~ core[2424]::marker::Send)))
                  ┌─┘
                  ├─  0ms DEBUG rustc_ast_lowering::path path_span: /home/oli/rust0/tests/ui/associated-type-bounds/return-type-notation/missing-bound-var-ice.rs:9:76: 9:80 (#0), lower_path_segment(segment: PathSegment { ident: Send#0, id: NodeId(23), args: None })
                  └─┐rustc_ast_lowering::lower_node_id ast_node_id=NodeId(23)
                    └─┐rustc_ast_lowering::opt_local_def_id node=NodeId(23)
                      ├─  0ms TRACE rustc_ast_lowering return=None
                    ┌─┘
                    ├─  0ms DEBUG rustc_ast_lowering return=HirId(DefId(0:6 ~ missing_bound_var_ice[8e97]::IntFactory::stream).7)
                  ┌─┘
                  ├─  0ms DEBUG rustc_ast_lowering::path lower_path_segment: ident=Send#0 original-id=NodeId(23) new-id=HirId(DefId(0:6 ~ missing_bound_var_ice[8e97]::IntFactory::stream).7)
                  └─┐rustc_ast_lowering::lower_res res=Def(Trait, DefId(2:42355 ~ core[2424]::marker::Send))
                    ├─  0ms TRACE rustc_ast_lowering res=Ok(Def(Trait, DefId(2:42355 ~ core[2424]::marker::Send)))
                  ┌─┘
                ┌─┘
                └─┐rustc_ast_lowering::lower_node_id ast_node_id=NodeId(24)
                  └─┐rustc_ast_lowering::opt_local_def_id node=NodeId(24)
                    ├─  0ms TRACE rustc_ast_lowering return=None
                  ┌─┘
                  ├─  0ms DEBUG rustc_ast_lowering return=HirId(DefId(0:6 ~ missing_bound_var_ice[8e97]::IntFactory::stream).8)
                ┌─┘
              ┌─┘
            ┌─┘
            ├─  0ms DEBUG rustc_ast_lowering return=[Trait(PolyTraitRef { bound_generic_params: [], modifiers: TraitBoundModifiers { constness: Never, polarity: Positive }, trait_ref: TraitRef { path: Path { span: /home/oli/rust0/tests/ui/associated-type-bounds/return-type-notation/missing-bound-var-ice.rs:9:76: 9:80 (#0), res: Def(Trait, DefId(2:42355 ~ core[2424]::marker::Send)), segments: [PathSegment { ident: Send#0, hir_id: HirId(DefId(0:6 ~ missing_bound_var_ice[8e97]::IntFactory::stream).7), res: Def(Trait, DefId(2:42355 ~ core[2424]::marker::Send)), args: None, infer_args: false, delegation_child_segment: false }] }, hir_ref_id: HirId(DefId(0:6 ~ missing_bound_var_ice[8e97]::IntFactory::stream).8) }, span: /home/oli/rust0/tests/ui/associated-type-bounds/return-type-notation/missing-bound-var-ice.rs:9:76: 9:80 (#0) })]
          ┌─┘
          └─┐rustc_ast_lowering::lower_node_id ast_node_id=NodeId(22)
            └─┐rustc_ast_lowering::opt_local_def_id node=NodeId(22)
              ├─  0ms TRACE rustc_ast_lowering return=None
            ┌─┘
            ├─  0ms DEBUG rustc_ast_lowering return=HirId(DefId(0:6 ~ missing_bound_var_ice[8e97]::IntFactory::stream).9)
          ┌─┘
        ┌─┘
        └─┐rustc_ast_lowering::lower_node_id ast_node_id=NodeId(21)
          └─┐rustc_ast_lowering::opt_local_def_id node=NodeId(21)
            ├─  0ms TRACE rustc_ast_lowering return=None
          ┌─┘
          ├─  0ms DEBUG rustc_ast_lowering return=HirId(DefId(0:6 ~ missing_bound_var_ice[8e97]::IntFactory::stream).10)
        ┌─┘
        ├─  0ms DEBUG rustc_ast_lowering::path lower_path_segment: ident=IntFactory#0 original-id=NodeId(21) new-id=HirId(DefId(0:6 ~ missing_bound_var_ice[8e97]::IntFactory::stream).10)
        └─┐rustc_ast_lowering::lower_res res=Def(Trait, DefId(0:5 ~ missing_bound_var_ice[8e97]::IntFactory))
          ├─  0ms TRACE rustc_ast_lowering res=Ok(Def(Trait, DefId(0:5 ~ missing_bound_var_ice[8e97]::IntFactory)))
        ┌─┘
      ┌─┘
      └─┐rustc_ast_lowering::lower_node_id ast_node_id=NodeId(25)
        └─┐rustc_ast_lowering::opt_local_def_id node=NodeId(25)
          ├─  0ms TRACE rustc_ast_lowering return=None
        ┌─┘
        ├─  0ms DEBUG rustc_ast_lowering return=HirId(DefId(0:6 ~ missing_bound_var_ice[8e97]::IntFactory::stream).11)
      ┌─┘
    ┌─┘
  ┌─┘
  ├─  0ms DEBUG rustc_ast_lowering return=[Trait(PolyTraitRef { bound_generic_params: [], modifiers: TraitBoundModifiers { constness: Never, polarity: Positive }, trait_ref: TraitRef { path: Path { span: /home/oli/rust0/tests/ui/associated-type-bounds/return-type-notation/missing-bound-var-ice.rs:9:53: 9:81 (#0), res: Def(Trait, DefId(0:5 ~ missing_bound_var_ice[8e97]::IntFactory)), segments: [PathSegment { ident: IntFactory#0, hir_id: HirId(DefId(0:6 ~ missing_bound_var_ice[8e97]::IntFactory::stream).10), res: Def(Trait, DefId(0:5 ~ missing_bound_var_ice[8e97]::IntFactory)), args: Some(GenericArgs { args: [], constraints: [AssocItemConstraint { hir_id: HirId(DefId(0:6 ~ missing_bound_var_ice[8e97]::IntFactory::stream).9), ident: stream#0, gen_args: GenericArgs { args: [], constraints: [], parenthesized: ReturnTypeNotation, span_ext: /home/oli/rust0/tests/ui/associated-type-bounds/return-type-notation/missing-bound-var-ice.rs:9:70: 9:74 (#0) }, kind: Bound { bounds: [Trait(PolyTraitRef { bound_generic_params: [], modifiers: TraitBoundModifiers { constness: Never, polarity: Positive }, trait_ref: TraitRef { path: Path { span: /home/oli/rust0/tests/ui/associated-type-bounds/return-type-notation/missing-bound-var-ice.rs:9:76: 9:80 (#0), res: Def(Trait, DefId(2:42355 ~ core[2424]::marker::Send)), segments: [PathSegment { ident: Send#0, hir_id: HirId(DefId(0:6 ~ missing_bound_var_ice[8e97]::IntFactory::stream).7), res: Def(Trait, DefId(2:42355 ~ core[2424]::marker::Send)), args: None, infer_args: false, delegation_child_segment: false }] }, hir_ref_id: HirId(DefId(0:6 ~ missing_bound_var_ice[8e97]::IntFactory::stream).8) }, span: /home/oli/rust0/tests/ui/associated-type-bounds/return-type-notation/missing-bound-var-ice.rs:9:76: 9:80 (#0) })] }, span: /home/oli/rust0/tests/ui/associated-type-bounds/return-type-notation/missing-bound-var-ice.rs:9:64: 9:80 (#0) }], parenthesized: No, span_ext: /home/oli/rust0/tests/ui/associated-type-bounds/return-type-notation/missing-bound-var-ice.rs:9:63: 9:81 (#0) }), infer_args: false, delegation_child_segment: false }] }, hir_ref_id: HirId(DefId(0:6 ~ missing_bound_var_ice[8e97]::IntFactory::stream).11) }, span: /home/oli/rust0/tests/ui/associated-type-bounds/return-type-notation/missing-bound-var-ice.rs:9:53: 9:81 (#0) })]
┌─┘
└─┐rustc_ast_lowering::lower_node_id ast_node_id=NodeId(20)
  └─┐rustc_ast_lowering::opt_local_def_id node=NodeId(20)
    ├─  0ms TRACE rustc_ast_lowering return=None
  ┌─┘
  ├─  0ms DEBUG rustc_ast_lowering return=HirId(DefId(0:6 ~ missing_bound_var_ice[8e97]::IntFactory::stream).12)
┌─┘
┘
┐rustc_query_impl::query_impl::late_bound_vars_map::invoke_provider_fn::late_bound_vars_map key=DefId(0:6 ~ missing_bound_var_ice[8e97]::IntFactory::stream)
└─┐rustc_query_impl::query_impl::def_span::invoke_provider_fn::def_span key=DefId(0:6 ~ missing_bound_var_ice[8e97]::IntFactory::stream)
  ├─  0ms TRACE rustc_query_impl::query_impl::def_span::invoke_provider_fn provided_value=/home/oli/rust0/tests/ui/associated-type-bounds/return-type-notation/missing-bound-var-ice.rs:9:5: 9:83 (#0)
┌─┘
└─┐rustc_hir::definitions::def_path_hash def_index=DefIndex(6)
  ├─  0ms TRACE rustc_hir::definitions return=DefPathHash(Fingerprint(10274899042804556393, 1440107178240744990))
┌─┘
├─  0ms DEBUG rustc_middle::ty::print::pretty def_path_str: def_id=DefId(0:6 ~ missing_bound_var_ice[8e97]::IntFactory::stream), ns=ValueNS
└─┐rustc_middle::ty::print::default_print_def_path def_id=DefId(0:6 ~ missing_bound_var_ice[8e97]::IntFactory::stream), args=[]
  ├─  0ms DEBUG rustc_middle::ty::print key=DefKey { parent: Some(DefIndex(5)), disambiguated_data: DisambiguatedDefPathData { data: ValueNs("stream"), disambiguator: 0 } }
  └─┐rustc_middle::ty::print::default_print_def_path def_id=DefId(0:5 ~ missing_bound_var_ice[8e97]::IntFactory), args=[]
    ├─  0ms DEBUG rustc_middle::ty::print key=DefKey { parent: Some(DefIndex(0)), disambiguated_data: DisambiguatedDefPathData { data: TypeNs("IntFactory"), disambiguator: 0 } }
    └─┐rustc_middle::ty::print::default_print_def_path def_id=DefId(0:0 ~ missing_bound_var_ice[8e97]), args=[]
      ├─  0ms DEBUG rustc_middle::ty::print key=DefKey { parent: None, disambiguated_data: DisambiguatedDefPathData { data: CrateRoot, disambiguator: 0 } }
    ┌─┘
  ┌─┘
┌─┘
├─  0ms DEBUG rustc_middle::ty::print::pretty def_path_str: def_id=DefId(0:6 ~ missing_bound_var_ice[8e97]::IntFactory::stream), ns=ValueNS
└─┐rustc_middle::ty::print::default_print_def_path def_id=DefId(0:6 ~ missing_bound_var_ice[8e97]::IntFactory::stream), args=[]
  ├─  0ms DEBUG rustc_middle::ty::print key=DefKey { parent: Some(DefIndex(5)), disambiguated_data: DisambiguatedDefPathData { data: ValueNs("stream"), disambiguator: 0 } }
  └─┐rustc_middle::ty::print::default_print_def_path def_id=DefId(0:5 ~ missing_bound_var_ice[8e97]::IntFactory), args=[]
    ├─  0ms DEBUG rustc_middle::ty::print key=DefKey { parent: Some(DefIndex(0)), disambiguated_data: DisambiguatedDefPathData { data: TypeNs("IntFactory"), disambiguator: 0 } }
    └─┐rustc_middle::ty::print::default_print_def_path def_id=DefId(0:0 ~ missing_bound_var_ice[8e97]), args=[]
      ├─  0ms DEBUG rustc_middle::ty::print key=DefKey { parent: None, disambiguated_data: DisambiguatedDefPathData { data: CrateRoot, disambiguator: 0 } }
    ┌─┘
  ┌─┘
┌─┘
├─  0ms DEBUG rustc_middle::ty::print::pretty def_path_str: def_id=DefId(0:6 ~ missing_bound_var_ice[8e97]::IntFactory::stream), ns=ValueNS
└─┐rustc_middle::ty::print::default_print_def_path def_id=DefId(0:6 ~ missing_bound_var_ice[8e97]::IntFactory::stream), args=[]
  ├─  0ms DEBUG rustc_middle::ty::print key=DefKey { parent: Some(DefIndex(5)), disambiguated_data: DisambiguatedDefPathData { data: ValueNs("stream"), disambiguator: 0 } }
  └─┐rustc_middle::ty::print::default_print_def_path def_id=DefId(0:5 ~ missing_bound_var_ice[8e97]::IntFactory), args=[]
    ├─  0ms DEBUG rustc_middle::ty::print key=DefKey { parent: Some(DefIndex(0)), disambiguated_data: DisambiguatedDefPathData { data: TypeNs("IntFactory"), disambiguator: 0 } }
    └─┐rustc_middle::ty::print::default_print_def_path def_id=DefId(0:0 ~ missing_bound_var_ice[8e97]), args=[]
      ├─  0ms DEBUG rustc_middle::ty::print key=DefKey { parent: None, disambiguated_data: DisambiguatedDefPathData { data: CrateRoot, disambiguator: 0 } }
    ┌─┘
  ┌─┘
┌─┘
├─  0ms DEBUG rustc_middle::ty::print::pretty def_path_str: def_id=DefId(0:7 ~ missing_bound_var_ice[8e97]::IntFactory::stream::{opaque#0}), ns=TypeNS
└─┐rustc_middle::ty::print::default_print_def_path def_id=DefId(0:7 ~ missing_bound_var_ice[8e97]::IntFactory::stream::{opaque#0}), args=[]
  ├─  0ms DEBUG rustc_middle::ty::print key=DefKey { parent: Some(DefIndex(6)), disambiguated_data: DisambiguatedDefPathData { data: OpaqueTy, disambiguator: 0 } }
  └─┐rustc_middle::ty::print::default_print_def_path def_id=DefId(0:6 ~ missing_bound_var_ice[8e97]::IntFactory::stream), args=[]
    ├─  0ms DEBUG rustc_middle::ty::print key=DefKey { parent: Some(DefIndex(5)), disambiguated_data: DisambiguatedDefPathData { data: ValueNs("stream"), disambiguator: 0 } }
    └─┐rustc_middle::ty::print::default_print_def_path def_id=DefId(0:5 ~ missing_bound_var_ice[8e97]::IntFactory), args=[]
      ├─  0ms DEBUG rustc_middle::ty::print key=DefKey { parent: Some(DefIndex(0)), disambiguated_data: DisambiguatedDefPathData { data: TypeNs("IntFactory"), disambiguator: 0 } }
      └─┐rustc_middle::ty::print::default_print_def_path def_id=DefId(0:0 ~ missing_bound_var_ice[8e97]), args=[]
        ├─  0ms DEBUG rustc_middle::ty::print key=DefKey { parent: None, disambiguated_data: DisambiguatedDefPathData { data: CrateRoot, disambiguator: 0 } }
      ┌─┘
    ┌─┘
  ┌─┘
┌─┘
├─  0ms DEBUG rustc_errors::diagnostic Created new diagnostic
├─  0ms TRACE rustc_errors::formatting "...which requires {$desc}...", args={"desc": Str("computing function signature of `IntFactory::stream`")}
├─  0ms DEBUG rustc_errors::formatting formatted="...which requires computing function signature of `IntFactory::stream`...", errs=[]
├─  0ms TRACE rustc_errors::formatting "...which requires {$desc}...", args={"desc": Str("looking up late bound vars inside `IntFactory::stream`")}
├─  0ms DEBUG rustc_errors::formatting formatted="...which requires looking up late bound vars inside `IntFactory::stream`...", errs=[]
├─  0ms TRACE rustc_errors::formatting "...which again requires {$stack_bottom}, completing the cycle", args={"stack_bottom": Str("resolving lifetimes for `IntFactory::stream`")}
├─  0ms DEBUG rustc_errors::formatting formatted="...which again requires resolving lifetimes for `IntFactory::stream`, completing the cycle", errs=[]
├─  0ms TRACE rustc_errors::formatting "cycle used when {$usage}", args={"usage": Str("listing captured lifetimes for opaque `IntFactory::stream::{opaque#0}`")}
├─  0ms DEBUG rustc_errors::formatting formatted="cycle used when listing captured lifetimes for opaque `IntFactory::stream::{opaque#0}`", errs=[]
├─  0ms DEBUG rustc_errors diagnostic=DiagInner { level: Error, messages: [(Inline("cycle detected when {$stack_bottom}"), NoStyle)], code: Some(ErrCode(391)), lint_id: None, span: MultiSpan { primary_spans: [/home/oli/rust0/tests/ui/associated-type-bounds/return-type-notation/missing-bound-var-ice.rs:9:5: 9:83 (#0)], span_labels: [] }, children: [Subdiag { level: Note, messages: [(Str("...which requires computing function signature of `IntFactory::stream`..."), NoStyle)], span: MultiSpan { primary_spans: [no-location (#0)], span_labels: [] } }, Subdiag { level: Note, messages: [(Str("...which requires looking up late bound vars inside `IntFactory::stream`..."), NoStyle)], span: MultiSpan { primary_spans: [no-location (#0)], span_labels: [] } }, Subdiag { level: Note, messages: [(Str("...which again requires resolving lifetimes for `IntFactory::stream`, completing the cycle"), NoStyle)], span: MultiSpan { primary_spans: [], span_labels: [] } }, Subdiag { level: Note, messages: [(Str("cycle used when listing captured lifetimes for opaque `IntFactory::stream::{opaque#0}`"), NoStyle)], span: MultiSpan { primary_spans: [/home/oli/rust0/tests/ui/associated-type-bounds/return-type-notation/missing-bound-var-ice.rs:9:25: 9:82 (#4)], span_labels: [] } }, Subdiag { level: Note, messages: [(Inline("for more information, see <https://rustc-dev-guide.rust-lang.org/overview.html#queries> and <https://rustc-dev-guide.rust-lang.org/query.html>"), NoStyle)], span: MultiSpan { primary_spans: [], span_labels: [] } }], suggestions: Enabled([]), args: {"stack_bottom": Str("resolving lifetimes for `IntFactory::stream`")}, sort_span: /home/oli/rust0/tests/ui/associated-type-bounds/return-type-notation/missing-bound-var-ice.rs:9:5: 9:83 (#0), is_lint: None, long_ty_path: None, emitted_at: DiagLocation { file: "compiler/rustc_query_impl/src/job.rs", line: 487, col: 24 } }
├─  0ms DEBUG rustc_errors self.emitted_diagnostics={313348909472871505032491341978056458760}
├─  0ms DEBUG rustc_errors sub=Subdiag { level: Note, messages: [(Str("...which requires computing function signature of `IntFactory::stream`..."), NoStyle)], span: MultiSpan { primary_spans: [no-location (#0)], span_labels: [] } }
├─  0ms DEBUG rustc_errors sub=Subdiag { level: Note, messages: [(Str("...which requires looking up late bound vars inside `IntFactory::stream`..."), NoStyle)], span: MultiSpan { primary_spans: [no-location (#0)], span_labels: [] } }
├─  0ms DEBUG rustc_errors sub=Subdiag { level: Note, messages: [(Str("...which again requires resolving lifetimes for `IntFactory::stream`, completing the cycle"), NoStyle)], span: MultiSpan { primary_spans: [], span_labels: [] } }
├─  0ms DEBUG rustc_errors sub=Subdiag { level: Note, messages: [(Str("cycle used when listing captured lifetimes for opaque `IntFactory::stream::{opaque#0}`"), NoStyle)], span: MultiSpan { primary_spans: [/home/oli/rust0/tests/ui/associated-type-bounds/return-type-notation/missing-bound-var-ice.rs:9:25: 9:82 (#4)], span_labels: [] } }
├─  0ms DEBUG rustc_errors sub=Subdiag { level: Note, messages: [(Inline("for more information, see <https://rustc-dev-guide.rust-lang.org/overview.html#queries> and <https://rustc-dev-guide.rust-lang.org/query.html>"), NoStyle)], span: MultiSpan { primary_spans: [], span_labels: [] } }
├─  0ms TRACE rustc_errors::formatting "cycle detected when {$stack_bottom}", args={"stack_bottom": Str("resolving lifetimes for `IntFactory::stream`")}
├─  0ms DEBUG rustc_errors::formatting formatted="cycle detected when resolving lifetimes for `IntFactory::stream`", errs=[]
├─  0ms DEBUG rustc_span byte pos RelativeBytePos(145) is on the line at byte pos RelativeBytePos(141)
├─  0ms DEBUG rustc_span char pos CharPos(145) is on the line at char pos CharPos(141)
├─  0ms DEBUG rustc_span byte is on line: 9
├─  0ms DEBUG rustc_span byte pos RelativeBytePos(223) is on the line at byte pos RelativeBytePos(141)
├─  0ms DEBUG rustc_span char pos CharPos(223) is on the line at char pos CharPos(141)
├─  0ms DEBUG rustc_span byte is on line: 9
├─  0ms DEBUG rustc_span::source_map span_to_lines(sp=/home/oli/rust0/tests/ui/associated-type-bounds/return-type-notation/missing-bound-var-ice.rs:9:5: 9:83 (#0))
└─┐rustc_span::source_map::is_valid_span sp=/home/oli/rust0/tests/ui/associated-type-bounds/return-type-notation/missing-bound-var-ice.rs:9:5: 9:83 (#0)
  ├─  0ms DEBUG rustc_span byte pos RelativeBytePos(145) is on the line at byte pos RelativeBytePos(141)
  ├─  0ms DEBUG rustc_span char pos CharPos(145) is on the line at char pos CharPos(141)
  ├─  0ms DEBUG rustc_span byte is on line: 9
  ├─  0ms TRACE rustc_span::source_map lo=Loc { file: SourceFile(Real(RealFileName { local: Some(InnerRealFileName { name: "/home/oli/rust0/tests/ui/associated-type-bounds/return-type-notation/missing-bound-var-ice.rs", working_directory: "/home/oli/rust0", embeddable_name: "/home/oli/rust0/tests/ui/associated-type-bounds/return-type-notation/missing-bound-var-ice.rs" }), maybe_remapped: InnerRealFileName { name: "/home/oli/rust0/tests/ui/associated-type-bounds/return-type-notation/missing-bound-var-ice.rs", working_directory: "/home/oli/rust0", embeddable_name: "/home/oli/rust0/tests/ui/associated-type-bounds/return-type-notation/missing-bound-var-ice.rs" }, scopes: RemapPathScopeComponents(0x0) })), line: 9, col: CharPos(4), col_display: 4 }
  ├─  0ms DEBUG rustc_span byte pos RelativeBytePos(223) is on the line at byte pos RelativeBytePos(141)
  ├─  0ms DEBUG rustc_span char pos CharPos(223) is on the line at char pos CharPos(141)
  ├─  0ms DEBUG rustc_span byte is on line: 9
  ├─  0ms TRACE rustc_span::source_map hi=Loc { file: SourceFile(Real(RealFileName { local: Some(InnerRealFileName { name: "/home/oli/rust0/tests/ui/associated-type-bounds/return-type-notation/missing-bound-var-ice.rs", working_directory: "/home/oli/rust0", embeddable_name: "/home/oli/rust0/tests/ui/associated-type-bounds/return-type-notation/missing-bound-var-ice.rs" }), maybe_remapped: InnerRealFileName { name: "/home/oli/rust0/tests/ui/associated-type-bounds/return-type-notation/missing-bound-var-ice.rs", working_directory: "/home/oli/rust0", embeddable_name: "/home/oli/rust0/tests/ui/associated-type-bounds/return-type-notation/missing-bound-var-ice.rs" }, scopes: RemapPathScopeComponents(0x0) })), line: 9, col: CharPos(82), col_display: 82 }
┌─┘
├─  0ms DEBUG rustc_span byte pos RelativeBytePos(0) is on the line at byte pos RelativeBytePos(0)
├─  0ms DEBUG rustc_span char pos CharPos(0) is on the line at char pos CharPos(0)
├─  0ms DEBUG rustc_span byte is on line: 1
├─  0ms DEBUG rustc_span byte pos RelativeBytePos(0) is on the line at byte pos RelativeBytePos(0)
├─  0ms DEBUG rustc_span char pos CharPos(0) is on the line at char pos CharPos(0)
├─  0ms DEBUG rustc_span byte is on line: 1
├─  0ms DEBUG rustc_span::source_map span_to_lines(sp=no-location (#0))
└─┐rustc_span::source_map::is_valid_span sp=no-location (#0)
  ├─  0ms DEBUG rustc_span byte pos RelativeBytePos(0) is on the line at byte pos RelativeBytePos(0)
  ├─  0ms DEBUG rustc_span char pos CharPos(0) is on the line at char pos CharPos(0)
  ├─  0ms DEBUG rustc_span byte is on line: 1
  ├─  0ms TRACE rustc_span::source_map lo=Loc { file: SourceFile(Real(RealFileName { local: Some(InnerRealFileName { name: "/home/oli/rust0/tests/ui/associated-type-bounds/return-type-notation/missing-bound-var-ice.rs", working_directory: "/home/oli/rust0", embeddable_name: "/home/oli/rust0/tests/ui/associated-type-bounds/return-type-notation/missing-bound-var-ice.rs" }), maybe_remapped: InnerRealFileName { name: "/home/oli/rust0/tests/ui/associated-type-bounds/return-type-notation/missing-bound-var-ice.rs", working_directory: "/home/oli/rust0", embeddable_name: "/home/oli/rust0/tests/ui/associated-type-bounds/return-type-notation/missing-bound-var-ice.rs" }, scopes: RemapPathScopeComponents(0x0) })), line: 1, col: CharPos(0), col_display: 0 }
  ├─  0ms DEBUG rustc_span byte pos RelativeBytePos(0) is on the line at byte pos RelativeBytePos(0)
  ├─  0ms DEBUG rustc_span char pos CharPos(0) is on the line at char pos CharPos(0)
  ├─  0ms DEBUG rustc_span byte is on line: 1
  ├─  0ms TRACE rustc_span::source_map hi=Loc { file: SourceFile(Real(RealFileName { local: Some(InnerRealFileName { name: "/home/oli/rust0/tests/ui/associated-type-bounds/return-type-notation/missing-bound-var-ice.rs", working_directory: "/home/oli/rust0", embeddable_name: "/home/oli/rust0/tests/ui/associated-type-bounds/return-type-notation/missing-bound-var-ice.rs" }), maybe_remapped: InnerRealFileName { name: "/home/oli/rust0/tests/ui/associated-type-bounds/return-type-notation/missing-bound-var-ice.rs", working_directory: "/home/oli/rust0", embeddable_name: "/home/oli/rust0/tests/ui/associated-type-bounds/return-type-notation/missing-bound-var-ice.rs" }, scopes: RemapPathScopeComponents(0x0) })), line: 1, col: CharPos(0), col_display: 0 }
┌─┘
├─  0ms DEBUG rustc_span byte pos RelativeBytePos(0) is on the line at byte pos RelativeBytePos(0)
├─  0ms DEBUG rustc_span char pos CharPos(0) is on the line at char pos CharPos(0)
├─  0ms DEBUG rustc_span byte is on line: 1
├─  0ms DEBUG rustc_span byte pos RelativeBytePos(0) is on the line at byte pos RelativeBytePos(0)
├─  0ms DEBUG rustc_span char pos CharPos(0) is on the line at char pos CharPos(0)
├─  0ms DEBUG rustc_span byte is on line: 1
├─  0ms DEBUG rustc_span::source_map span_to_lines(sp=no-location (#0))
└─┐rustc_span::source_map::is_valid_span sp=no-location (#0)
  ├─  0ms DEBUG rustc_span byte pos RelativeBytePos(0) is on the line at byte pos RelativeBytePos(0)
  ├─  0ms DEBUG rustc_span char pos CharPos(0) is on the line at char pos CharPos(0)
  ├─  0ms DEBUG rustc_span byte is on line: 1
  ├─  0ms TRACE rustc_span::source_map lo=Loc { file: SourceFile(Real(RealFileName { local: Some(InnerRealFileName { name: "/home/oli/rust0/tests/ui/associated-type-bounds/return-type-notation/missing-bound-var-ice.rs", working_directory: "/home/oli/rust0", embeddable_name: "/home/oli/rust0/tests/ui/associated-type-bounds/return-type-notation/missing-bound-var-ice.rs" }), maybe_remapped: InnerRealFileName { name: "/home/oli/rust0/tests/ui/associated-type-bounds/return-type-notation/missing-bound-var-ice.rs", working_directory: "/home/oli/rust0", embeddable_name: "/home/oli/rust0/tests/ui/associated-type-bounds/return-type-notation/missing-bound-var-ice.rs" }, scopes: RemapPathScopeComponents(0x0) })), line: 1, col: CharPos(0), col_display: 0 }
  ├─  0ms DEBUG rustc_span byte pos RelativeBytePos(0) is on the line at byte pos RelativeBytePos(0)
  ├─  0ms DEBUG rustc_span char pos CharPos(0) is on the line at char pos CharPos(0)
  ├─  0ms DEBUG rustc_span byte is on line: 1
  ├─  0ms TRACE rustc_span::source_map hi=Loc { file: SourceFile(Real(RealFileName { local: Some(InnerRealFileName { name: "/home/oli/rust0/tests/ui/associated-type-bounds/return-type-notation/missing-bound-var-ice.rs", working_directory: "/home/oli/rust0", embeddable_name: "/home/oli/rust0/tests/ui/associated-type-bounds/return-type-notation/missing-bound-var-ice.rs" }), maybe_remapped: InnerRealFileName { name: "/home/oli/rust0/tests/ui/associated-type-bounds/return-type-notation/missing-bound-var-ice.rs", working_directory: "/home/oli/rust0", embeddable_name: "/home/oli/rust0/tests/ui/associated-type-bounds/return-type-notation/missing-bound-var-ice.rs" }, scopes: RemapPathScopeComponents(0x0) })), line: 1, col: CharPos(0), col_display: 0 }
┌─┘
├─  0ms DEBUG rustc_span byte pos RelativeBytePos(165) is on the line at byte pos RelativeBytePos(141)
├─  0ms DEBUG rustc_span char pos CharPos(165) is on the line at char pos CharPos(141)
├─  0ms DEBUG rustc_span byte is on line: 9
├─  0ms DEBUG rustc_span byte pos RelativeBytePos(222) is on the line at byte pos RelativeBytePos(141)
├─  0ms DEBUG rustc_span char pos CharPos(222) is on the line at char pos CharPos(141)
├─  0ms DEBUG rustc_span byte is on line: 9
├─  0ms DEBUG rustc_span byte pos RelativeBytePos(165) is on the line at byte pos RelativeBytePos(141)
├─  0ms DEBUG rustc_span char pos CharPos(165) is on the line at char pos CharPos(141)
├─  0ms DEBUG rustc_span byte is on line: 9
├─  0ms DEBUG rustc_span byte pos RelativeBytePos(222) is on the line at byte pos RelativeBytePos(141)
├─  0ms DEBUG rustc_span char pos CharPos(222) is on the line at char pos CharPos(141)
├─  0ms DEBUG rustc_span byte is on line: 9
├─  0ms DEBUG rustc_span::source_map span_to_lines(sp=/home/oli/rust0/tests/ui/associated-type-bounds/return-type-notation/missing-bound-var-ice.rs:9:25: 9:82 (#0))
└─┐rustc_span::source_map::is_valid_span sp=/home/oli/rust0/tests/ui/associated-type-bounds/return-type-notation/missing-bound-var-ice.rs:9:25: 9:82 (#0)
  ├─  0ms DEBUG rustc_span byte pos RelativeBytePos(165) is on the line at byte pos RelativeBytePos(141)
  ├─  0ms DEBUG rustc_span char pos CharPos(165) is on the line at char pos CharPos(141)
  ├─  0ms DEBUG rustc_span byte is on line: 9
  ├─  0ms TRACE rustc_span::source_map lo=Loc { file: SourceFile(Real(RealFileName { local: Some(InnerRealFileName { name: "/home/oli/rust0/tests/ui/associated-type-bounds/return-type-notation/missing-bound-var-ice.rs", working_directory: "/home/oli/rust0", embeddable_name: "/home/oli/rust0/tests/ui/associated-type-bounds/return-type-notation/missing-bound-var-ice.rs" }), maybe_remapped: InnerRealFileName { name: "/home/oli/rust0/tests/ui/associated-type-bounds/return-type-notation/missing-bound-var-ice.rs", working_directory: "/home/oli/rust0", embeddable_name: "/home/oli/rust0/tests/ui/associated-type-bounds/return-type-notation/missing-bound-var-ice.rs" }, scopes: RemapPathScopeComponents(0x0) })), line: 9, col: CharPos(24), col_display: 24 }
  ├─  0ms DEBUG rustc_span byte pos RelativeBytePos(222) is on the line at byte pos RelativeBytePos(141)
  ├─  0ms DEBUG rustc_span char pos CharPos(222) is on the line at char pos CharPos(141)
  ├─  0ms DEBUG rustc_span byte is on line: 9
  ├─  0ms TRACE rustc_span::source_map hi=Loc { file: SourceFile(Real(RealFileName { local: Some(InnerRealFileName { name: "/home/oli/rust0/tests/ui/associated-type-bounds/return-type-notation/missing-bound-var-ice.rs", working_directory: "/home/oli/rust0", embeddable_name: "/home/oli/rust0/tests/ui/associated-type-bounds/return-type-notation/missing-bound-var-ice.rs" }), maybe_remapped: InnerRealFileName { name: "/home/oli/rust0/tests/ui/associated-type-bounds/return-type-notation/missing-bound-var-ice.rs", working_directory: "/home/oli/rust0", embeddable_name: "/home/oli/rust0/tests/ui/associated-type-bounds/return-type-notation/missing-bound-var-ice.rs" }, scopes: RemapPathScopeComponents(0x0) })), line: 9, col: CharPos(81), col_display: 81 }
┌─┘
├─  0ms DEBUG rustc_span byte pos RelativeBytePos(0) is on the line at byte pos RelativeBytePos(0)
├─  0ms DEBUG rustc_span char pos CharPos(0) is on the line at char pos CharPos(0)
├─  0ms DEBUG rustc_span byte is on line: 1
├─  0ms DEBUG rustc_span byte pos RelativeBytePos(0) is on the line at byte pos RelativeBytePos(0)
├─  0ms DEBUG rustc_span char pos CharPos(0) is on the line at char pos CharPos(0)
├─  0ms DEBUG rustc_span byte is on line: 1
├─  0ms DEBUG rustc_span::source_map span_to_lines(sp=no-location (#0))
└─┐rustc_span::source_map::is_valid_span sp=no-location (#0)
  ├─  0ms DEBUG rustc_span byte pos RelativeBytePos(0) is on the line at byte pos RelativeBytePos(0)
  ├─  0ms DEBUG rustc_span char pos CharPos(0) is on the line at char pos CharPos(0)
  ├─  0ms DEBUG rustc_span byte is on line: 1
  ├─  0ms TRACE rustc_span::source_map lo=Loc { file: SourceFile(Real(RealFileName { local: Some(InnerRealFileName { name: "/home/oli/rust0/tests/ui/associated-type-bounds/return-type-notation/missing-bound-var-ice.rs", working_directory: "/home/oli/rust0", embeddable_name: "/home/oli/rust0/tests/ui/associated-type-bounds/return-type-notation/missing-bound-var-ice.rs" }), maybe_remapped: InnerRealFileName { name: "/home/oli/rust0/tests/ui/associated-type-bounds/return-type-notation/missing-bound-var-ice.rs", working_directory: "/home/oli/rust0", embeddable_name: "/home/oli/rust0/tests/ui/associated-type-bounds/return-type-notation/missing-bound-var-ice.rs" }, scopes: RemapPathScopeComponents(0x0) })), line: 1, col: CharPos(0), col_display: 0 }
  ├─  0ms DEBUG rustc_span byte pos RelativeBytePos(0) is on the line at byte pos RelativeBytePos(0)
  ├─  0ms DEBUG rustc_span char pos CharPos(0) is on the line at char pos CharPos(0)
  ├─  0ms DEBUG rustc_span byte is on line: 1
  ├─  0ms TRACE rustc_span::source_map hi=Loc { file: SourceFile(Real(RealFileName { local: Some(InnerRealFileName { name: "/home/oli/rust0/tests/ui/associated-type-bounds/return-type-notation/missing-bound-var-ice.rs", working_directory: "/home/oli/rust0", embeddable_name: "/home/oli/rust0/tests/ui/associated-type-bounds/return-type-notation/missing-bound-var-ice.rs" }), maybe_remapped: InnerRealFileName { name: "/home/oli/rust0/tests/ui/associated-type-bounds/return-type-notation/missing-bound-var-ice.rs", working_directory: "/home/oli/rust0", embeddable_name: "/home/oli/rust0/tests/ui/associated-type-bounds/return-type-notation/missing-bound-var-ice.rs" }, scopes: RemapPathScopeComponents(0x0) })), line: 1, col: CharPos(0), col_display: 0 }
┌─┘
├─  0ms DEBUG rustc_span::source_map span_to_lines(sp=/home/oli/rust0/tests/ui/associated-type-bounds/return-type-notation/missing-bound-var-ice.rs:9:25: 9:82 (#4))
└─┐rustc_span::source_map::is_valid_span sp=/home/oli/rust0/tests/ui/associated-type-bounds/return-type-notation/missing-bound-var-ice.rs:9:25: 9:82 (#4)
  ├─  0ms DEBUG rustc_span byte pos RelativeBytePos(165) is on the line at byte pos RelativeBytePos(141)
  ├─  0ms DEBUG rustc_span char pos CharPos(165) is on the line at char pos CharPos(141)
  ├─  0ms DEBUG rustc_span byte is on line: 9
  ├─  0ms TRACE rustc_span::source_map lo=Loc { file: SourceFile(Real(RealFileName { local: Some(InnerRealFileName { name: "/home/oli/rust0/tests/ui/associated-type-bounds/return-type-notation/missing-bound-var-ice.rs", working_directory: "/home/oli/rust0", embeddable_name: "/home/oli/rust0/tests/ui/associated-type-bounds/return-type-notation/missing-bound-var-ice.rs" }), maybe_remapped: InnerRealFileName { name: "/home/oli/rust0/tests/ui/associated-type-bounds/return-type-notation/missing-bound-var-ice.rs", working_directory: "/home/oli/rust0", embeddable_name: "/home/oli/rust0/tests/ui/associated-type-bounds/return-type-notation/missing-bound-var-ice.rs" }, scopes: RemapPathScopeComponents(0x0) })), line: 9, col: CharPos(24), col_display: 24 }
  ├─  0ms DEBUG rustc_span byte pos RelativeBytePos(222) is on the line at byte pos RelativeBytePos(141)
  ├─  0ms DEBUG rustc_span char pos CharPos(222) is on the line at char pos CharPos(141)
  ├─  0ms DEBUG rustc_span byte is on line: 9
  ├─  0ms TRACE rustc_span::source_map hi=Loc { file: SourceFile(Real(RealFileName { local: Some(InnerRealFileName { name: "/home/oli/rust0/tests/ui/associated-type-bounds/return-type-notation/missing-bound-var-ice.rs", working_directory: "/home/oli/rust0", embeddable_name: "/home/oli/rust0/tests/ui/associated-type-bounds/return-type-notation/missing-bound-var-ice.rs" }), maybe_remapped: InnerRealFileName { name: "/home/oli/rust0/tests/ui/associated-type-bounds/return-type-notation/missing-bound-var-ice.rs", working_directory: "/home/oli/rust0", embeddable_name: "/home/oli/rust0/tests/ui/associated-type-bounds/return-type-notation/missing-bound-var-ice.rs" }, scopes: RemapPathScopeComponents(0x0) })), line: 9, col: CharPos(81), col_display: 81 }
┌─┘
├─  0ms TRACE rustc_errors::formatting "for more information, see <https://rustc-dev-guide.rust-lang.org/overview.html#queries> and <https://rustc-dev-guide.rust-lang.org/query.html>", args={"stack_bottom": Str("resolving lifetimes for `IntFactory::stream`")}
├─  0ms DEBUG rustc_errors::formatting formatted="for more information, see <https://rustc-dev-guide.rust-lang.org/overview.html#queries> and <https://rustc-dev-guide.rust-lang.org/query.html>", errs=[]
├─  0ms DEBUG rustc_errors::emitter fix_multispans_in_extern_macros: before: span=MultiSpan { primary_spans: [/home/oli/rust0/tests/ui/associated-type-bounds/return-type-notation/missing-bound-var-ice.rs:9:5: 9:83 (#0)], span_labels: [] } children=[Subdiag { level: Note, messages: [(Str("...which requires computing function signature of `IntFactory::stream`..."), NoStyle)], span: MultiSpan { primary_spans: [no-location (#0)], span_labels: [] } }, Subdiag { level: Note, messages: [(Str("...which requires looking up late bound vars inside `IntFactory::stream`..."), NoStyle)], span: MultiSpan { primary_spans: [no-location (#0)], span_labels: [] } }, Subdiag { level: Note, messages: [(Str("...which again requires resolving lifetimes for `IntFactory::stream`, completing the cycle"), NoStyle)], span: MultiSpan { primary_spans: [], span_labels: [] } }, Subdiag { level: Note, messages: [(Str("cycle used when listing captured lifetimes for opaque `IntFactory::stream::{opaque#0}`"), NoStyle)], span: MultiSpan { primary_spans: [/home/oli/rust0/tests/ui/associated-type-bounds/return-type-notation/missing-bound-var-ice.rs:9:25: 9:82 (#4)], span_labels: [] } }, Subdiag { level: Note, messages: [(Inline("for more information, see <https://rustc-dev-guide.rust-lang.org/overview.html#queries> and <https://rustc-dev-guide.rust-lang.org/query.html>"), NoStyle)], span: MultiSpan { primary_spans: [], span_labels: [] } }]
├─  0ms DEBUG rustc_errors::emitter fix_multispans_in_extern_macros: after: span=MultiSpan { primary_spans: [/home/oli/rust0/tests/ui/associated-type-bounds/return-type-notation/missing-bound-var-ice.rs:9:5: 9:83 (#0)], span_labels: [] } children=[Subdiag { level: Note, messages: [(Str("...which requires computing function signature of `IntFactory::stream`..."), NoStyle)], span: MultiSpan { primary_spans: [no-location (#0)], span_labels: [] } }, Subdiag { level: Note, messages: [(Str("...which requires looking up late bound vars inside `IntFactory::stream`..."), NoStyle)], span: MultiSpan { primary_spans: [no-location (#0)], span_labels: [] } }, Subdiag { level: Note, messages: [(Str("...which again requires resolving lifetimes for `IntFactory::stream`, completing the cycle"), NoStyle)], span: MultiSpan { primary_spans: [], span_labels: [] } }, Subdiag { level: Note, messages: [(Str("cycle used when listing captured lifetimes for opaque `IntFactory::stream::{opaque#0}`"), NoStyle)], span: MultiSpan { primary_spans: [/home/oli/rust0/tests/ui/associated-type-bounds/return-type-notation/missing-bound-var-ice.rs:9:25: 9:82 (#4)], span_labels: [] } }, Subdiag { level: Note, messages: [(Inline("for more information, see <https://rustc-dev-guide.rust-lang.org/overview.html#queries> and <https://rustc-dev-guide.rust-lang.org/query.html>"), NoStyle)], span: MultiSpan { primary_spans: [], span_labels: [] } }]
├─  0ms TRACE rustc_errors::formatting "cycle detected when {$stack_bottom}", args={"stack_bottom": Str("resolving lifetimes for `IntFactory::stream`")}
├─  0ms DEBUG rustc_errors::formatting formatted="cycle detected when resolving lifetimes for `IntFactory::stream`", errs=[]
└─┐rustc_span::source_map::is_valid_span sp=/home/oli/rust0/tests/ui/associated-type-bounds/return-type-notation/missing-bound-var-ice.rs:9:5: 9:83 (#0)
  ├─  0ms DEBUG rustc_span byte pos RelativeBytePos(145) is on the line at byte pos RelativeBytePos(141)
  ├─  0ms DEBUG rustc_span char pos CharPos(145) is on the line at char pos CharPos(141)
  ├─  0ms DEBUG rustc_span byte is on line: 9
  ├─  0ms TRACE rustc_span::source_map lo=Loc { file: SourceFile(Real(RealFileName { local: Some(InnerRealFileName { name: "/home/oli/rust0/tests/ui/associated-type-bounds/return-type-notation/missing-bound-var-ice.rs", working_directory: "/home/oli/rust0", embeddable_name: "/home/oli/rust0/tests/ui/associated-type-bounds/return-type-notation/missing-bound-var-ice.rs" }), maybe_remapped: InnerRealFileName { name: "/home/oli/rust0/tests/ui/associated-type-bounds/return-type-notation/missing-bound-var-ice.rs", working_directory: "/home/oli/rust0", embeddable_name: "/home/oli/rust0/tests/ui/associated-type-bounds/return-type-notation/missing-bound-var-ice.rs" }, scopes: RemapPathScopeComponents(0x0) })), line: 9, col: CharPos(4), col_display: 4 }
  ├─  0ms DEBUG rustc_span byte pos RelativeBytePos(223) is on the line at byte pos RelativeBytePos(141)
  ├─  0ms DEBUG rustc_span char pos CharPos(223) is on the line at char pos CharPos(141)
  ├─  0ms DEBUG rustc_span byte is on line: 9
  ├─  0ms TRACE rustc_span::source_map hi=Loc { file: SourceFile(Real(RealFileName { local: Some(InnerRealFileName { name: "/home/oli/rust0/tests/ui/associated-type-bounds/return-type-notation/missing-bound-var-ice.rs", working_directory: "/home/oli/rust0", embeddable_name: "/home/oli/rust0/tests/ui/associated-type-bounds/return-type-notation/missing-bound-var-ice.rs" }), maybe_remapped: InnerRealFileName { name: "/home/oli/rust0/tests/ui/associated-type-bounds/return-type-notation/missing-bound-var-ice.rs", working_directory: "/home/oli/rust0", embeddable_name: "/home/oli/rust0/tests/ui/associated-type-bounds/return-type-notation/missing-bound-var-ice.rs" }, scopes: RemapPathScopeComponents(0x0) })), line: 9, col: CharPos(82), col_display: 82 }
┌─┘
├─  1ms DEBUG rustc_span byte pos RelativeBytePos(145) is on the line at byte pos RelativeBytePos(141)
├─  1ms DEBUG rustc_span char pos CharPos(145) is on the line at char pos CharPos(141)
├─  1ms DEBUG rustc_span byte is on line: 9
├─  1ms DEBUG rustc_span byte pos RelativeBytePos(145) is on the line at byte pos RelativeBytePos(141)
├─  1ms DEBUG rustc_span char pos CharPos(145) is on the line at char pos CharPos(141)
├─  1ms DEBUG rustc_span byte is on line: 9
├─  1ms DEBUG rustc_span byte pos RelativeBytePos(223) is on the line at byte pos RelativeBytePos(141)
├─  1ms DEBUG rustc_span char pos CharPos(223) is on the line at char pos CharPos(141)
├─  1ms DEBUG rustc_span byte is on line: 9
└─┐rustc_span::source_map::is_valid_span sp=/home/oli/rust0/tests/ui/associated-type-bounds/return-type-notation/missing-bound-var-ice.rs:9:25: 9:82 (#4)
  ├─  0ms DEBUG rustc_span byte pos RelativeBytePos(165) is on the line at byte pos RelativeBytePos(141)
  ├─  0ms DEBUG rustc_span char pos CharPos(165) is on the line at char pos CharPos(141)
  ├─  0ms DEBUG rustc_span byte is on line: 9
  ├─  0ms TRACE rustc_span::source_map lo=Loc { file: SourceFile(Real(RealFileName { local: Some(InnerRealFileName { name: "/home/oli/rust0/tests/ui/associated-type-bounds/return-type-notation/missing-bound-var-ice.rs", working_directory: "/home/oli/rust0", embeddable_name: "/home/oli/rust0/tests/ui/associated-type-bounds/return-type-notation/missing-bound-var-ice.rs" }), maybe_remapped: InnerRealFileName { name: "/home/oli/rust0/tests/ui/associated-type-bounds/return-type-notation/missing-bound-var-ice.rs", working_directory: "/home/oli/rust0", embeddable_name: "/home/oli/rust0/tests/ui/associated-type-bounds/return-type-notation/missing-bound-var-ice.rs" }, scopes: RemapPathScopeComponents(0x0) })), line: 9, col: CharPos(24), col_display: 24 }
  ├─  0ms DEBUG rustc_span byte pos RelativeBytePos(222) is on the line at byte pos RelativeBytePos(141)
  ├─  0ms DEBUG rustc_span char pos CharPos(222) is on the line at char pos CharPos(141)
  ├─  0ms DEBUG rustc_span byte is on line: 9
  ├─  0ms TRACE rustc_span::source_map hi=Loc { file: SourceFile(Real(RealFileName { local: Some(InnerRealFileName { name: "/home/oli/rust0/tests/ui/associated-type-bounds/return-type-notation/missing-bound-var-ice.rs", working_directory: "/home/oli/rust0", embeddable_name: "/home/oli/rust0/tests/ui/associated-type-bounds/return-type-notation/missing-bound-var-ice.rs" }), maybe_remapped: InnerRealFileName { name: "/home/oli/rust0/tests/ui/associated-type-bounds/return-type-notation/missing-bound-var-ice.rs", working_directory: "/home/oli/rust0", embeddable_name: "/home/oli/rust0/tests/ui/associated-type-bounds/return-type-notation/missing-bound-var-ice.rs" }, scopes: RemapPathScopeComponents(0x0) })), line: 9, col: CharPos(81), col_display: 81 }
┌─┘
├─  1ms DEBUG rustc_span byte pos RelativeBytePos(165) is on the line at byte pos RelativeBytePos(141)
├─  1ms DEBUG rustc_span char pos CharPos(165) is on the line at char pos CharPos(141)
├─  1ms DEBUG rustc_span byte is on line: 9
├─  1ms DEBUG rustc_span byte pos RelativeBytePos(165) is on the line at byte pos RelativeBytePos(141)
├─  1ms DEBUG rustc_span char pos CharPos(165) is on the line at char pos CharPos(141)
├─  1ms DEBUG rustc_span byte is on line: 9
├─  1ms DEBUG rustc_span byte pos RelativeBytePos(222) is on the line at byte pos RelativeBytePos(141)
├─  1ms DEBUG rustc_span char pos CharPos(222) is on the line at char pos CharPos(141)
├─  1ms DEBUG rustc_span byte is on line: 9
├─  1ms TRACE rustc_errors::formatting "for more information, see <https://rustc-dev-guide.rust-lang.org/overview.html#queries> and <https://rustc-dev-guide.rust-lang.org/query.html>", args={"stack_bottom": Str("resolving lifetimes for `IntFactory::stream`")}
├─  1ms DEBUG rustc_errors::formatting formatted="for more information, see <https://rustc-dev-guide.rust-lang.org/overview.html#queries> and <https://rustc-dev-guide.rust-lang.org/query.html>", errs=[]
{"$message_type":"diagnostic","message":"cycle detected when resolving lifetimes for `IntFactory::stream`","code":{"code":"E0391","explanation":"A type dependency cycle has been encountered.\n\nErroneous code example:\n\n```compile_fail,E0391\ntrait FirstTrait : SecondTrait {\n\n}\n\ntrait SecondTrait : FirstTrait {\n\n}\n```\n\nThe previous example contains a circular dependency between two traits:\n`FirstTrait` depends on `SecondTrait` which itself depends on `FirstTrait`.\n\nSee https://rustc-dev-guide.rust-lang.org/overview.html#queries and\nhttps://rustc-dev-guide.rust-lang.org/query.html for more information.\n"},"level":"error","spans":[{"file_name":"/home/oli/rust0/tests/ui/associated-type-bounds/return-type-notation/missing-bound-var-ice.rs","byte_start":145,"byte_end":223,"line_start":9,"line_end":9,"column_start":5,"column_end":83,"is_primary":true,"text":[{"text":"    fn stream(&self) -> impl IntFactory<stream(..): IntFactory<stream(..): Send>>;","highlight_start":5,"highlight_end":83}],"label":null,"suggested_replacement":null,"suggestion_applicability":null,"expansion":null}],"children":[{"message":"...which requires computing function signature of `IntFactory::stream`...","code":null,"level":"note","spans":[{"file_name":"/home/oli/rust0/tests/ui/associated-type-bounds/return-type-notation/missing-bound-var-ice.rs","byte_start":0,"byte_end":0,"line_start":1,"line_end":1,"column_start":1,"column_end":1,"is_primary":true,"text":[],"label":null,"suggested_replacement":null,"suggestion_applicability":null,"expansion":null}],"children":[],"rendered":null},{"message":"...which requires looking up late bound vars inside `IntFactory::stream`...","code":null,"level":"note","spans":[{"file_name":"/home/oli/rust0/tests/ui/associated-type-bounds/return-type-notation/missing-bound-var-ice.rs","byte_start":0,"byte_end":0,"line_start":1,"line_end":1,"column_start":1,"column_end":1,"is_primary":true,"text":[],"label":null,"suggested_replacement":null,"suggestion_applicability":null,"expansion":null}],"children":[],"rendered":null},{"message":"...which again requires resolving lifetimes for `IntFactory::stream`, completing the cycle","code":null,"level":"note","spans":[],"children":[],"rendered":null},{"message":"cycle used when listing captured lifetimes for opaque `IntFactory::stream::{opaque#0}`","code":null,"level":"note","spans":[{"file_name":"/home/oli/rust0/tests/ui/associated-type-bounds/return-type-notation/missing-bound-var-ice.rs","byte_start":165,"byte_end":222,"line_start":9,"line_end":9,"column_start":25,"column_end":82,"is_primary":true,"text":[{"text":"    fn stream(&self) -> impl IntFactory<stream(..): IntFactory<stream(..): Send>>;","highlight_start":25,"highlight_end":82}],"label":null,"suggested_replacement":null,"suggestion_applicability":null,"expansion":{"span":{"file_name":"/home/oli/rust0/tests/ui/associated-type-bounds/return-type-notation/missing-bound-var-ice.rs","byte_start":165,"byte_end":222,"line_start":9,"line_end":9,"column_start":25,"column_end":82,"is_primary":false,"text":[{"text":"    fn stream(&self) -> impl IntFactory<stream(..): IntFactory<stream(..): Send>>;","highlight_start":25,"highlight_end":82}],"label":null,"suggested_replacement":null,"suggestion_applicability":null,"expansion":null},"macro_decl_name":"desugaring of `impl Trait`","def_site_span":{"file_name":"/home/oli/rust0/tests/ui/associated-type-bounds/return-type-notation/missing-bound-var-ice.rs","byte_start":0,"byte_end":0,"line_start":1,"line_end":1,"column_start":1,"column_end":1,"is_primary":false,"text":[],"label":null,"suggested_replacement":null,"suggestion_applicability":null,"expansion":null}}}],"children":[],"rendered":null},{"message":"for more information, see <https://rustc-dev-guide.rust-lang.org/overview.html#queries> and <https://rustc-dev-guide.rust-lang.org/query.html>","code":null,"level":"note","spans":[],"children":[],"rendered":null}],"rendered":"error[E0391]: cycle detected when resolving lifetimes for `IntFactory::stream`\n  --> /home/oli/rust0/tests/ui/associated-type-bounds/return-type-notation/missing-bound-var-ice.rs:9:5\n   |\nLL |     fn stream(&self) -> impl IntFactory<stream(..): IntFactory<stream(..): Send>>;\n   |     ^^^^^^^^^^^^^^^^^^^^^^^^^^^^^^^^^^^^^^^^^^^^^^^^^^^^^^^^^^^^^^^^^^^^^^^^^^^^^^\n   |\n   = note: ...which requires computing function signature of `IntFactory::stream`...\n   = note: ...which requires looking up late bound vars inside `IntFactory::stream`...\n   = note: ...which again requires resolving lifetimes for `IntFactory::stream`, completing the cycle\nnote: cycle used when listing captured lifetimes for opaque `IntFactory::stream::{opaque#0}`\n  --> /home/oli/rust0/tests/ui/associated-type-bounds/return-type-notation/missing-bound-var-ice.rs:9:25\n   |\nLL |     fn stream(&self) -> impl IntFactory<stream(..): IntFactory<stream(..): Send>>;\n   |                         ^^^^^^^^^^^^^^^^^^^^^^^^^^^^^^^^^^^^^^^^^^^^^^^^^^^^^^^^^\n   = note: for more information, see <https://rustc-dev-guide.rust-lang.org/overview.html#queries> and <https://rustc-dev-guide.rust-lang.org/query.html>\n\n"}
┘
┐rustc_query_impl::query_impl::late_bound_vars_map::invoke_provider_fn::late_bound_vars_map key=DefId(0:8 ~ missing_bound_var_ice[8e97]::main)
└─┐rustc_query_impl::query_impl::resolve_bound_vars::invoke_provider_fn::resolve_bound_vars key=DefId(0:8 ~ missing_bound_var_ice[8e97]::main)
  └─┐rustc_hir_analysis::collect::resolve_bound_vars::resolve_bound_vars local_def_id=DefId(0:8 ~ missing_bound_var_ice[8e97]::main)
    └─┐rustc_hir_analysis::collect::resolve_bound_vars::visit_item item=Item { owner_id: DefId(0:8 ~ missing_bound_var_ice[8e97]::main), kind: Fn { sig: FnSig { header: FnHeader { safety: Normal(Safe), constness: NotConst, asyncness: NotAsync, abi: Rust }, decl: FnDecl { inputs: [], output: DefaultReturn(/home/oli/rust0/tests/ui/associated-type-bounds/return-type-notation/missing-bound-var-ice.rs:12:10: 12:10 (#0)), fn_decl_kind: FnDeclFlags("ImplicitSelfKind(None)", "NoLifetimeElision") }, span: /home/oli/rust0/tests/ui/associated-type-bounds/return-type-notation/missing-bound-var-ice.rs:12:1: 12:10 (#0) }, ident: main#0, generics: Generics { params: [], predicates: [], has_where_clause_predicates: false, where_clause_span: /home/oli/rust0/tests/ui/associated-type-bounds/return-type-notation/missing-bound-var-ice.rs:12:10: 12:10 (#0), span: /home/oli/rust0/tests/ui/associated-type-bounds/return-type-notation/missing-bound-var-ice.rs:12:8: 12:8 (#0) }, body: BodyId { hir_id: HirId(DefId(0:8 ~ missing_bound_var_ice[8e97]::main).2) }, has_body: true }, span: /home/oli/rust0/tests/ui/associated-type-bounds/return-type-notation/missing-bound-var-ice.rs:12:1: 12:13 (#0), vis_span: /home/oli/rust0/tests/ui/associated-type-bounds/return-type-notation/missing-bound-var-ice.rs:12:1: 12:1 (#0), eii: false }
      └─┐rustc_hir_analysis::collect::resolve_bound_vars::scope scope=Binder { bound_vars: {}, scope_type: Normal, hir_id: HirId(DefId(0:8 ~ missing_bound_var_ice[8e97]::main).0), where_bound_origin: None, s: ".." }
        └─┐rustc_hir_analysis::collect::resolve_bound_vars::visit_fn_like_elision inputs=[], output=None, in_closure=false
          └─┐rustc_hir_analysis::collect::resolve_bound_vars::scope scope=ObjectLifetimeDefault { lifetime: Some(StaticLifetime), s: ".." }
          ┌─┘
        ┌─┘
        └─┐rustc_hir_analysis::collect::resolve_bound_vars::scope scope=TraitRefBoundary
        ┌─┘
        └─┐rustc_hir_analysis::collect::resolve_bound_vars::scope scope=Body { id: BodyId { hir_id: HirId(DefId(0:8 ~ missing_bound_var_ice[8e97]::main).2) }, s: ".." }
        ┌─┘
      ┌─┘
    ┌─┘
    ├─  0ms DEBUG rustc_hir_analysis::collect::resolve_bound_vars rbv.defs={}
    ├─  0ms DEBUG rustc_hir_analysis::collect::resolve_bound_vars rbv.late_bound_vars={0: []}
    ├─  0ms DEBUG rustc_hir_analysis::collect::resolve_bound_vars rbv.opaque_captured_lifetimes=UnordMap { inner: {} }
  ┌─┘
  ├─  0ms TRACE rustc_query_impl::query_impl::resolve_bound_vars::invoke_provider_fn provided_value=ResolveBoundVars { defs: {}, late_bound_vars: {0: []}, opaque_captured_lifetimes: UnordMap { inner: {} } }
┌─┘
└─┐rustc_hir::definitions::def_path_hash def_index=DefIndex(8)
  ├─  0ms TRACE rustc_hir::definitions return=DefPathHash(Fingerprint(10274899042804556393, 11543444066845114748))
┌─┘
├─  0ms TRACE rustc_query_impl::query_impl::late_bound_vars_map::invoke_provider_fn provided_value={0: []}
┘
{"$message_type":"diagnostic","message":"aborting due to 1 previous error","code":null,"level":"error","spans":[],"children":[],"rendered":"error: aborting due to 1 previous error\n\n"}
{"$message_type":"diagnostic","message":"For more information about this error, try `rustc --explain E0391`.","code":null,"level":"failure-note","spans":[],"children":[],"rendered":"For more information about this error, try `rustc --explain E0391`.\n"}
